<?xml version="1.0" encoding="UTF-8"?>
<Message xmlns="http://www.myOther.org">
	<MyHeader>
		<C>test-mail@dummy.org</C>
	</MyHeader>
	<MyContent>
		<D>NachrichtBetreff</D>
		<E>
			<F>9002</F>
		</E>
		<Breakpoint>
			<Encoding>
				<F>9004</F>
				<Type>text/plain</Type>
			</Encoding>
			<Text>NachrichtText</Text>
		</Breakpoint>
	</MyContent>
</Message>
